C:\Users\janle\AppData\Local\Programs\Python\Python311\Lib\site-packages\torch\nn\modules\transformer.py:385: UserWarning: enable_nested_tensor is True, but self.use_nested_tensor is False because encoder_layer.norm_first was True
  warnings.warn(
urzadzenie cuda | struktur 3640 | podzial rodzinowy
train 2185  val 727  test 728
wagi kar: energia 1.0  parowania 6.0
  sklad TV (nasz):        waga 1.0  cel petle {'A': 0.324, 'C': 0.208, 'G': 0.217, 'U': 0.252}  cel pary {'GC': 0.599, 'AU': 0.276, 'GU': 0.124}
wybor epoki: zlozony
parametry: 5.04 mln
energie referencyjne walidacji: 727 struktur, 0.0s
[1/60] CE 2.8663 | energia -0.2357 parowania 0.1886 sklad 0.0826 | val ident 0.2972 CE 1.5697 loss 4.2111 dE/nt -0.2495 zlozony 30249 | 6s  *najlepszy -> zapis
[2/60] CE 2.6493 | energia -0.2412 parowania 0.1874 sklad 0.0823 | val ident 0.2894 CE 1.6005 loss 4.2607 dE/nt -0.2378 zlozony 29238 | 6s  (bez poprawy 1/10)
[3/60] CE 2.5415 | energia -0.2430 parowania 0.1875 sklad 0.0766 | val ident 0.3013 CE 1.5354 loss 4.1036 dE/nt -0.2683 zlozony 30268 | 6s  *najlepszy -> zapis
[4/60] CE 2.4602 | energia -0.2466 parowania 0.1879 sklad 0.0727 | val ident 0.3018 CE 1.5115 loss 4.0676 dE/nt -0.2740 zlozony 30274 | 6s  *najlepszy -> zapis
[5/60] CE 2.3874 | energia -0.2482 parowania 0.1881 sklad 0.0724 | val ident 0.3019 CE 1.5088 loss 4.0460 dE/nt -0.2753 zlozony 30275 | 6s  *najlepszy -> zapis
[6/60] CE 2.3302 | energia -0.2484 parowania 0.1880 sklad 0.0727 | val ident 0.3049 CE 1.4984 loss 4.0257 dE/nt -0.2765 zlozony 30277 | 6s  *najlepszy -> zapis
[7/60] CE 2.2816 | energia -0.2493 parowania 0.1878 sklad 0.0750 | val ident 0.3070 CE 1.4949 loss 4.0175 dE/nt -0.2784 zlozony 31278 | 6s  *najlepszy -> zapis
[8/60] CE 2.2307 | energia -0.2499 parowania 0.1881 sklad 0.0719 | val ident 0.3098 CE 1.4961 loss 4.0159 dE/nt -0.2740 zlozony 31274 | 6s  (bez poprawy 1/10)
[9/60] CE 2.1955 | energia -0.2504 parowania 0.1880 sklad 0.0739 | val ident 0.3109 CE 1.4874 loss 3.9994 dE/nt -0.2758 zlozony 31276 | 6s  (bez poprawy 2/10)
[10/60] CE 2.1611 | energia -0.2505 parowania 0.1878 sklad 0.0763 | val ident 0.3126 CE 1.4975 loss 4.0263 dE/nt -0.2910 zlozony 31291 | 6s  *najlepszy -> zapis
[11/60] CE 2.1268 | energia -0.2512 parowania 0.1880 sklad 0.0729 | val ident 0.3100 CE 1.5088 loss 4.0532 dE/nt -0.2711 zlozony 31271 | 6s  (bez poprawy 1/10)
[12/60] CE 2.1009 | energia -0.2513 parowania 0.1881 sklad 0.0726 | val ident 0.3124 CE 1.5007 loss 4.0385 dE/nt -0.2752 zlozony 31275 | 6s  (bez poprawy 2/10)
[13/60] CE 2.0751 | energia -0.2512 parowania 0.1882 sklad 0.0704 | val ident 0.3131 CE 1.4948 loss 4.0169 dE/nt -0.2693 zlozony 31269 | 6s  (bez poprawy 3/10)
[14/60] CE 2.0521 | energia -0.2516 parowania 0.1881 sklad 0.0714 | val ident 0.3113 CE 1.4937 loss 4.0164 dE/nt -0.2700 zlozony 31270 | 6s  (bez poprawy 4/10)
[15/60] CE 2.0393 | energia -0.2526 parowania 0.1880 sklad 0.0736 | val ident 0.3133 CE 1.4991 loss 4.0373 dE/nt -0.2642 zlozony 31264 | 6s  (bez poprawy 5/10)
[16/60] CE 2.0156 | energia -0.2526 parowania 0.1881 sklad 0.0730 | val ident 0.3121 CE 1.5180 loss 4.0737 dE/nt -0.2640 zlozony 31264 | 6s  (bez poprawy 6/10)
[17/60] CE 1.9982 | energia -0.2530 parowania 0.1881 sklad 0.0729 | val ident 0.3113 CE 1.5072 loss 4.0462 dE/nt -0.2672 zlozony 31267 | 6s  (bez poprawy 7/10)
[18/60] CE 1.9839 | energia -0.2529 parowania 0.1882 sklad 0.0717 | val ident 0.3109 CE 1.5081 loss 4.0556 dE/nt -0.2586 zlozony 31259 | 6s  (bez poprawy 8/10)
[19/60] CE 1.9697 | energia -0.2534 parowania 0.1880 sklad 0.0737 | val ident 0.3121 CE 1.5269 loss 4.1013 dE/nt -0.2500 zlozony 31250 | 6s  (bez poprawy 9/10)
[20/60] CE 1.9543 | energia -0.2533 parowania 0.1882 sklad 0.0715 | val ident 0.3144 CE 1.5134 loss 4.0819 dE/nt -0.2375 zlozony 31237 | 6s  (bez poprawy 10/10)
early stopping

najlepszy (zlozony) na walidacji: 31291.0000 | checkpoints/e1_sklad_tv.pt
