C:\Users\janle\AppData\Local\Programs\Python\Python311\Lib\site-packages\torch\nn\modules\transformer.py:385: UserWarning: enable_nested_tensor is True, but self.use_nested_tensor is False because encoder_layer.norm_first was True
  warnings.warn(
urzadzenie cuda | struktur 3699 | podzial rodzinowy
train 2220  val 740  test 739
cel skladu: petle {'A': 0.33, 'C': 0.198, 'G': 0.213, 'U': 0.259}  pary {'GC': 0.555, 'AU': 0.321, 'GU': 0.125}
wagi kar: energia 1.0  parowania 6.0  sklad 40.0 | wybor epoki: odzysk
parametry: 5.04 mln
[1/60] CE 2.9756 | energia -0.1923 parowania 0.1926 sklad 0.0509 | val odzysk 0.2927 CE 1.5026 | 7s  *najlepszy -> zapis
[2/60] CE 2.9594 | energia -0.1938 parowania 0.1926 sklad 0.0143 | val odzysk 0.2927 CE 1.5021 | 6s  (bez poprawy 1/10)
[3/60] CE 2.9580 | energia -0.1930 parowania 0.1927 sklad 0.0106 | val odzysk 0.2927 CE 1.5041 | 6s  (bez poprawy 2/10)
[4/60] CE 2.9570 | energia -0.1934 parowania 0.1927 sklad 0.0145 | val odzysk 0.2927 CE 1.5022 | 7s  (bez poprawy 3/10)
[5/60] CE 2.9547 | energia -0.1931 parowania 0.1927 sklad 0.0092 | val odzysk 0.2927 CE 1.5027 | 7s  (bez poprawy 4/10)
[6/60] CE 2.9521 | energia -0.1934 parowania 0.1926 sklad 0.0070 | val odzysk 0.2936 CE 1.5035 | 7s  *najlepszy -> zapis
[7/60] CE 2.9479 | energia -0.1934 parowania 0.1926 sklad 0.0048 | val odzysk 0.2946 CE 1.5030 | 6s  *najlepszy -> zapis
[8/60] CE 2.9423 | energia -0.1932 parowania 0.1926 sklad 0.0058 | val odzysk 0.2956 CE 1.5023 | 7s  *najlepszy -> zapis
[9/60] CE 2.9322 | energia -0.1933 parowania 0.1926 sklad 0.0047 | val odzysk 0.2946 CE 1.5033 | 6s  (bez poprawy 1/10)
[10/60] CE 2.9218 | energia -0.1940 parowania 0.1926 sklad 0.0054 | val odzysk 0.2946 CE 1.5042 | 7s  (bez poprawy 2/10)
[11/60] CE 2.9069 | energia -0.1936 parowania 0.1926 sklad 0.0042 | val odzysk 0.2966 CE 1.5075 | 6s  *najlepszy -> zapis
[12/60] CE 2.8976 | energia -0.1940 parowania 0.1926 sklad 0.0048 | val odzysk 0.2956 CE 1.5069 | 7s  (bez poprawy 1/10)
[13/60] CE 2.8872 | energia -0.1943 parowania 0.1926 sklad 0.0044 | val odzysk 0.2962 CE 1.5095 | 6s  (bez poprawy 2/10)
[14/60] CE 2.8789 | energia -0.1938 parowania 0.1926 sklad 0.0040 | val odzysk 0.2964 CE 1.5141 | 7s  (bez poprawy 3/10)
[15/60] CE 2.8739 | energia -0.1945 parowania 0.1926 sklad 0.0045 | val odzysk 0.2978 CE 1.5105 | 7s  *najlepszy -> zapis
[16/60] CE 2.8702 | energia -0.1942 parowania 0.1926 sklad 0.0041 | val odzysk 0.2977 CE 1.5137 | 7s  (bez poprawy 1/10)
[17/60] CE 2.8614 | energia -0.1946 parowania 0.1926 sklad 0.0044 | val odzysk 0.2962 CE 1.5152 | 7s  (bez poprawy 2/10)
[18/60] CE 2.8522 | energia -0.1951 parowania 0.1926 sklad 0.0039 | val odzysk 0.2983 CE 1.5203 | 7s  *najlepszy -> zapis
[19/60] CE 2.8489 | energia -0.1948 parowania 0.1926 sklad 0.0040 | val odzysk 0.2990 CE 1.5197 | 7s  *najlepszy -> zapis
[20/60] CE 2.8399 | energia -0.1950 parowania 0.1926 sklad 0.0032 | val odzysk 0.2981 CE 1.5187 | 6s  (bez poprawy 1/10)
[21/60] CE 2.8420 | energia -0.1951 parowania 0.1926 sklad 0.0044 | val odzysk 0.2979 CE 1.5168 | 7s  (bez poprawy 2/10)
[22/60] CE 2.8370 | energia -0.1954 parowania 0.1926 sklad 0.0042 | val odzysk 0.2979 CE 1.5178 | 7s  (bez poprawy 3/10)
[23/60] CE 2.8348 | energia -0.1950 parowania 0.1926 sklad 0.0036 | val odzysk 0.2986 CE 1.5212 | 7s  (bez poprawy 4/10)
[24/60] CE 2.8263 | energia -0.1956 parowania 0.1927 sklad 0.0038 | val odzysk 0.2993 CE 1.5174 | 7s  *najlepszy -> zapis
[25/60] CE 2.8233 | energia -0.1954 parowania 0.1926 sklad 0.0026 | val odzysk 0.2991 CE 1.5186 | 7s  (bez poprawy 1/10)
[26/60] CE 2.8184 | energia -0.1954 parowania 0.1926 sklad 0.0035 | val odzysk 0.2989 CE 1.5172 | 7s  (bez poprawy 2/10)
[27/60] CE 2.8138 | energia -0.1957 parowania 0.1926 sklad 0.0027 | val odzysk 0.2984 CE 1.5199 | 7s  (bez poprawy 3/10)
[28/60] CE 2.8084 | energia -0.1963 parowania 0.1926 sklad 0.0029 | val odzysk 0.3004 CE 1.5196 | 7s  *najlepszy -> zapis
[29/60] CE 2.8073 | energia -0.1959 parowania 0.1926 sklad 0.0031 | val odzysk 0.3000 CE 1.5214 | 7s  (bez poprawy 1/10)
[30/60] CE 2.8042 | energia -0.1965 parowania 0.1926 sklad 0.0027 | val odzysk 0.2989 CE 1.5233 | 6s  (bez poprawy 2/10)
[31/60] CE 2.8021 | energia -0.1957 parowania 0.1926 sklad 0.0030 | val odzysk 0.2983 CE 1.5189 | 7s  (bez poprawy 3/10)
[32/60] CE 2.8017 | energia -0.1955 parowania 0.1927 sklad 0.0035 | val odzysk 0.2996 CE 1.5195 | 7s  (bez poprawy 4/10)
[33/60] CE 2.7967 | energia -0.1958 parowania 0.1926 sklad 0.0024 | val odzysk 0.2990 CE 1.5231 | 6s  (bez poprawy 5/10)
[34/60] CE 2.7938 | energia -0.1958 parowania 0.1927 sklad 0.0027 | val odzysk 0.2982 CE 1.5239 | 6s  (bez poprawy 6/10)
[35/60] CE 2.7893 | energia -0.1964 parowania 0.1926 sklad 0.0025 | val odzysk 0.2996 CE 1.5236 | 7s  (bez poprawy 7/10)
[36/60] CE 2.7882 | energia -0.1963 parowania 0.1926 sklad 0.0023 | val odzysk 0.3005 CE 1.5230 | 7s  *najlepszy -> zapis
[37/60] CE 2.7829 | energia -0.1960 parowania 0.1926 sklad 0.0020 | val odzysk 0.2984 CE 1.5225 | 7s  (bez poprawy 1/10)
[38/60] CE 2.7824 | energia -0.1966 parowania 0.1927 sklad 0.0020 | val odzysk 0.2990 CE 1.5266 | 7s  (bez poprawy 2/10)
[39/60] CE 2.7836 | energia -0.1967 parowania 0.1926 sklad 0.0028 | val odzysk 0.2998 CE 1.5178 | 7s  (bez poprawy 3/10)
[40/60] CE 2.7802 | energia -0.1965 parowania 0.1926 sklad 0.0025 | val odzysk 0.2996 CE 1.5209 | 7s  (bez poprawy 4/10)
[41/60] CE 2.7777 | energia -0.1964 parowania 0.1926 sklad 0.0026 | val odzysk 0.2985 CE 1.5193 | 7s  (bez poprawy 5/10)
[42/60] CE 2.7770 | energia -0.1960 parowania 0.1926 sklad 0.0017 | val odzysk 0.2991 CE 1.5195 | 7s  (bez poprawy 6/10)
[43/60] CE 2.7739 | energia -0.1966 parowania 0.1926 sklad 0.0021 | val odzysk 0.2998 CE 1.5179 | 6s  (bez poprawy 7/10)
[44/60] CE 2.7730 | energia -0.1967 parowania 0.1927 sklad 0.0022 | val odzysk 0.2993 CE 1.5168 | 7s  (bez poprawy 8/10)
[45/60] CE 2.7706 | energia -0.1963 parowania 0.1926 sklad 0.0017 | val odzysk 0.2996 CE 1.5216 | 7s  (bez poprawy 9/10)
[46/60] CE 2.7670 | energia -0.1966 parowania 0.1926 sklad 0.0015 | val odzysk 0.2996 CE 1.5206 | 7s  (bez poprawy 10/10)
early stopping

najlepszy (odzysk) na walidacji: 0.3005 | checkpoints/e2_sklad40.pt
